\BOOKMARK [1][-]{section.1}{\376\377\225\356\230\230\147\145\156\220\116\016\136\372\152\041\166\356\150\007}{}% 1
\BOOKMARK [1][-]{section.2}{\376\377\211\343\166\204\220\002\133\232\140\047\060\001\153\143\140\047\116\016\127\372\147\054\200\027\145\143}{}% 2
\BOOKMARK [1][-]{section.3}{\376\377\136\070\143\245\211\346\163\207\116\013\166\204\201\352\161\066\217\150\220\123\116\016\147\000\131\047\133\211\121\150\226\306}{}% 3
\BOOKMARK [2][-]{subsection.3.1}{\376\377\201\352\161\066\117\040\144\255\116\015\123\330\221\317\116\016\134\360\120\074}{section.3}% 4
\BOOKMARK [2][-]{subsection.3.2}{\376\377\147\000\131\047\145\340\143\247\122\066\133\211\121\150\226\306}{section.3}% 5
\BOOKMARK [1][-]{section.4}{\376\377\116\044\116\052\121\163\225\056\116\015\123\330\221\317\123\312\121\166\143\247\122\066\124\053\116\111}{}% 6
\BOOKMARK [1][-]{section.5}{\376\377\000H\000a\000m\000i\000l\000t\000o\000n\040\023\000J\000a\000c\000o\000b\000i\000\040\145\271\172\013\116\016\160\271\140\001\147\000\134\017\123\026}{}% 7
\BOOKMARK [2][-]{subsection.5.1}{\376\377\133\271\221\317\217\271\165\114\166\204\123\357\210\114\143\247\122\066}{section.5}% 8
\BOOKMARK [1][-]{section.6}{\376\377\133\214\121\150\215\337\216\052\137\047\166\204\172\357\160\271\146\040\134\004\116\016\146\076\137\017\120\074\121\375\145\160}{}% 9
\BOOKMARK [1][-]{section.7}{\376\377\122\007\143\142\146\362\176\277\123\312\121\166\227\136\136\163\121\341\150\071\166\204\125\057\116\000\140\047}{}% 10
\BOOKMARK [1][-]{section.8}{\376\377\123\073\165\227\133\271\221\317\217\271\165\114\116\012\166\204\211\343\147\220\143\247\122\066\060\001\145\366\225\364\116\016\142\020\147\054}{}% 11
\BOOKMARK [1][-]{section.9}{\376\377\136\070\143\245\211\346\163\207\116\013\166\204\147\000\117\030\123\315\231\210\176\374\124\010}{}% 12
\BOOKMARK [2][-]{subsection.9.1}{\376\377\120\031\220\011\120\074\121\375\145\160\166\204\122\006\153\265\147\204\220\040}{section.9}% 13
\BOOKMARK [1][-]{section.10}{\376\377\136\070\143\245\211\346\163\207\116\013\000\040\000q\000\050\000t\000\051\000\040\166\204\125\057\116\000\140\047}{}% 14
\BOOKMARK [2][-]{subsection.10.1}{\376\377\116\072\116\300\116\110\211\343\226\144\226\224\171\273\116\345\124\016\116\137\125\057\116\000}{section.10}% 15
\BOOKMARK [2][-]{subsection.10.2}{\376\377\116\316\000\040\000q\000*\000\040\122\060\000\040\000b\000e\000t\000a\0001\000*\000,\000\040\000b\000e\000t\000a\0002\000*\000\040\166\204\125\057\116\000\140\047}{section.10}% 16
\BOOKMARK [1][-]{section.11}{\376\377\145\366\123\330\143\245\211\346\163\207\000\040\000c\000\050\000t\000\051\377\032\200\375\213\301\146\016\116\300\116\110\377\014\116\015\200\375\145\340\147\141\116\366\213\301\146\016\116\300\116\110}{}% 17
\BOOKMARK [2][-]{subsection.11.1}{\376\377\227\136\201\352\154\273\000\040\000H\000J\000B\000\040\145\271\172\013}{section.11}% 18
\BOOKMARK [2][-]{subsection.11.2}{\376\377\116\045\150\074\121\370\153\143\122\031\123\026}{section.11}% 19
\BOOKMARK [1][-]{section.12}{\376\377\202\345\124\014\145\366\142\212\000\040\000c\000\050\000t\000\051\000\040\124\214\000\040\000q\000\050\000t\000\051\000\040\220\375\117\134\116\072\143\247\122\066}{}% 20
\BOOKMARK [1][-]{section.13}{\376\377\145\160\120\074\173\227\154\325}{}% 21
\BOOKMARK [2][-]{subsection.13.1}{\376\377\136\070\143\245\211\346\163\207\377\032\211\343\147\220\226\115\176\364\173\227\154\325}{section.13}% 22
\BOOKMARK [2][-]{subsection.13.2}{\376\377\145\366\123\330\143\245\211\346\163\207\377\032\166\364\143\245\221\115\177\156}{section.13}% 23
\BOOKMARK [1][-]{section.14}{\376\377\127\372\121\306\123\302\145\160\116\016\145\160\120\074\176\323\147\234}{}% 24
\BOOKMARK [2][-]{subsection.14.1}{\376\377\166\370\136\163\227\142\176\323\147\204}{section.14}% 25
\BOOKMARK [2][-]{subsection.14.2}{\376\377\162\266\140\001\145\366\225\364\136\217\122\027}{section.14}% 26
\BOOKMARK [2][-]{subsection.14.3}{\376\377\116\000\116\052\143\247\122\066\116\247\165\037\116\044\116\052\116\015\124\014\174\373\145\160}{section.14}% 27
\BOOKMARK [2][-]{subsection.14.4}{\376\377\116\045\150\074\116\000\176\364\147\201\134\017\116\016\125\057\116\000\140\047\145\160\120\074\213\301\143\156}{section.14}% 28
\BOOKMARK [2][-]{subsection.14.5}{\376\377\123\357\210\114\173\126\165\145\142\020\147\054\153\324\217\203}{section.14}% 29
\BOOKMARK [2][-]{subsection.14.6}{\376\377\133\271\221\317\060\001\117\040\144\255\151\202\163\207\116\016\176\323\147\204\123\072\225\364}{section.14}% 30
\BOOKMARK [2][-]{subsection.14.7}{\376\377\145\366\123\330\143\245\211\346\163\207\166\204\153\143\122\031\123\026\176\323\147\234}{section.14}% 31
\BOOKMARK [1][-]{section.15}{\376\377\165\037\162\151\133\146\116\016\145\077\173\126\211\343\221\312}{}% 32
\BOOKMARK [2][-]{subsection.15.1}{\376\377\116\072\116\300\116\110\133\271\221\317\217\271\165\114\124\016\123\357\200\375\227\000\211\201\133\214\121\150\215\337\216\052}{section.15}% 33
\BOOKMARK [2][-]{subsection.15.2}{\376\377\133\271\221\317\116\015\146\057\125\057\116\000\226\010\120\074}{section.15}% 34
\BOOKMARK [2][-]{subsection.15.3}{\376\377\125\057\116\000\140\047\166\204\145\077\173\126\124\053\116\111}{section.15}% 35
\BOOKMARK [1][-]{section.16}{\376\377\164\006\213\272\217\271\165\114\116\016\217\333\116\000\153\145\142\151\134\125}{}% 36
\BOOKMARK [1][-]{section.17}{\376\377\116\073\211\201\176\323\213\272}{}% 37
\BOOKMARK [1][-]{appendix.A}{\376\377\133\214\121\150\215\337\216\052\120\074\121\375\145\160\133\374\145\160\166\204\220\020\153\145\213\241\173\227}{}% 38
\BOOKMARK [1][-]{appendix.B}{\376\377\133\271\221\317\217\271\165\114\142\020\147\054\171\357\122\006\166\204\220\020\153\145\213\241\173\227}{}% 39
\BOOKMARK [1][-]{appendix.C}{\376\377\145\160\120\074\131\015\163\260\213\364\146\016}{}% 40
\BOOKMARK [1][-]{appendix.D}{\376\377\150\041\232\214\123\343\137\204}{}% 41
