{
  "generated_utc": "2026-09-18T13:04:10.559830+00:00",
  "scope": "Computational checks only; no global proof or formal verification by this script.",
  "versions": {
    "python": "3.13.5",
    "numpy": "2.3.5",
    "scipy": "1.17.0",
    "sympy": "1.14.0"
  },
  "status": "PASS",
  "groups": {
    "all_exact_identities": true,
    "sampled_HJB_equation": true,
    "sampled_HJB_inequality": true,
    "sampled_strict_branch_signs": true,
    "sampled_gradient_finite_differences": true,
    "sampled_switching_geometry": true,
    "candidate_ODE_costs": true,
    "candidate_ODE_capacity": true,
    "candidate_ODE_terminal": true,
    "old_capacity_domain_regression": true,
    "immediate_control_regression": true,
    "safe_boundary_branch_regression": true,
    "benchmark_cost": true
  },
  "exact_algebra": {
    "Phi_f0": true,
    "Phi_control_direction": true,
    "Psi_f1": true,
    "Psi_f0": true,
    "capacity_i": true,
    "capacity_s": true,
    "W_H1": true,
    "W_H0": true,
    "waiting_H0": true,
    "waiting_Sigma": true,
    "capacity_Sigma": true,
    "Lambda_natural": true,
    "theta_log_q1": true,
    "g_minus_I_q1": true,
    "gradient_match_s": true,
    "gradient_match_i": true,
    "capacity_cost_primitive": true
  },
  "sample_count": 640,
  "sample_counts": {
    "wait_capacity": 143,
    "safe": 393,
    "wait_gamma": 83,
    "tracking": 21
  },
  "gradient_fd_count": 640,
  "max_relative_gradient_fd_error": 2.5210159158739355e-09,
  "max_abs_sampled_min_H": 4.1166130032842905e-16,
  "max_negative_H_violation": 4.1166130032842905e-16,
  "geometry_sample_count": 128,
  "models": [
    {
      "p": 0.5,
      "h": 0.3,
      "K": 0.15,
      "sK": 0.7073030021837694,
      "e": 0.46908414634252626,
      "sB": 0.5476951246795451,
      "counts": {
        "wait_capacity": 27,
        "safe": 43,
        "wait_gamma": 7,
        "tracking": 3
      }
    },
    {
      "p": 0.25,
      "h": 0.2,
      "K": 0.08,
      "sK": 0.435750487171816,
      "e": 0.31083953486589283,
      "sB": 0.3947060803781865,
      "counts": {
        "wait_capacity": 38,
        "safe": 27,
        "wait_gamma": 13,
        "tracking": 2
      }
    },
    {
      "p": 0.75,
      "h": 0.2,
      "K": 0.3,
      "sK": 0.7694793502062642,
      "e": 0.44331855050128643,
      "sB": 0.6280654825114237,
      "counts": {
        "wait_gamma": 31,
        "tracking": 5,
        "safe": 39,
        "wait_capacity": 5
      }
    },
    {
      "p": 0.8,
      "h": 0.65,
      "K": 0.03,
      "sK": 0.867970449275409,
      "e": 0.6858402546012821,
      "sB": 0.6870508333566658,
      "counts": {
        "safe": 71,
        "wait_capacity": 9
      }
    },
    {
      "p": 0.2,
      "h": 0.08,
      "K": 0.4,
      "sK": 0.6472573924124387,
      "e": 0.3658046405042982,
      "sB": 3.4952885160659637,
      "counts": {
        "wait_gamma": 32,
        "safe": 37,
        "tracking": 11
      }
    },
    {
      "p": 0.9,
      "h": 0.15,
      "K": 0.01,
      "sK": 0.21163214929505014,
      "e": 0.16063295954219098,
      "sB": 0.16104477340543522,
      "counts": {
        "wait_capacity": 64,
        "safe": 16
      }
    },
    {
      "p": 0.5,
      "h": 1.2,
      "K": 0.15,
      "sK": 1.9038984545510353,
      "e": 1.426190527562279,
      "sB": 1.4636607948296088,
      "counts": {
        "safe": 80
      }
    },
    {
      "p": 0.4,
      "h": 0.8,
      "K": 0.35,
      "sK": 1.797738373742212,
      "e": 1.231760940179288,
      "sB": 1.4586033851394753,
      "counts": {
        "safe": 80
      }
    }
  ],
  "benchmark": {
    "sK": 0.7073030021837694,
    "e": 0.46908414634252626,
    "s1": 0.7775221610386437,
    "sB": 0.5476951246795451,
    "sR": 0.4516637862455485,
    "iR": 0.12108289155035945,
    "tau1": 4.349191557719972,
    "TB": 1.5203109780974815,
    "T1": 0.7138664296892887,
    "Jstar": 1.5295111601514724,
    "Jfilling": 1.5783855039561376,
    "Jdirect": 1.6364797199042445
  },
  "candidate_ODE_checks": [
    {
      "region": "wait_capacity",
      "cost_error": 2.3495427825537263e-11,
      "capacity_excess": 2.03759231709455e-12,
      "terminal_residual": 2.0599077998895154e-12
    },
    {
      "region": "tracking",
      "cost_error": 5.551115123125783e-17,
      "capacity_excess": 0.0,
      "terminal_residual": 1.1102230246251565e-16
    },
    {
      "region": "wait_gamma",
      "cost_error": 1.242944549367797e-13,
      "capacity_excess": 0.0,
      "terminal_residual": 1.1102230246251565e-16
    },
    {
      "region": "capacity",
      "cost_error": 1.4210854715202004e-14,
      "capacity_excess": 0.0,
      "terminal_residual": 3.3306690738754696e-16
    },
    {
      "region": "safe",
      "cost_error": 0.0,
      "capacity_excess": 0.0,
      "terminal_residual": 0.0
    }
  ],
  "old_domain_regression": {
    "state": [
      0.6,
      0.05804415416798357
    ],
    "old_formula_Sigma": -0.10341169185199761,
    "actual_region": "wait_gamma",
    "cap_hit": 0.3078127763098847,
    "sB": 0.5476951246795451
  },
  "safe_boundary_regression": {
    "correct_limit_Ui": 13.624087265648352,
    "incorrect_Wi": 19.17555147823771,
    "eps": [
      0.0001,
      1e-05,
      1e-06
    ],
    "computed_Ui": [
      13.612250740048578,
      13.62290281365036,
      13.623968812448606
    ]
  },
  "immediate_control_regression": {
    "region": "tracking",
    "cost": 0.43398100732253986,
    "past_gamma_s": 0.5120932578254697
  },
  "latex_static": {
    "sha256": "1e65689a32b2dc9331ec8813001eb4d186e50e651677966b0be7a22fc2824bf8",
    "line_count": 1469,
    "labels": 159,
    "duplicate_labels": [],
    "undefined_references": [],
    "missing_bibliography_keys": [],
    "figure_dependencies": [
      "Figure_1_phase_geometry.jpg",
      "Figure_2_state_time_series.jpg",
      "Figure_3_control_coefficients.jpg",
      "Figure_4_uniqueness_cost.jpg",
      "Figure_5_policy_cost_comparison.jpg",
      "Figure_6_capacity_dependence.jpg",
      "Figure_7_probability_dependence.jpg",
      "Figure_8_regime_map.jpg",
      "Figure_9_time_varying_control.jpg",
      "Figure_10_time_varying_states.jpg"
    ],
    "missing_local_figures": [
      "Figure_1_phase_geometry.jpg",
      "Figure_2_state_time_series.jpg",
      "Figure_3_control_coefficients.jpg",
      "Figure_4_uniqueness_cost.jpg",
      "Figure_5_policy_cost_comparison.jpg",
      "Figure_6_capacity_dependence.jpg",
      "Figure_7_probability_dependence.jpg",
      "Figure_8_regime_map.jpg",
      "Figure_9_time_varying_control.jpg",
      "Figure_10_time_varying_states.jpg"
    ],
    "old_geometry_assumption_reference_present": false,
    "note": "Missing original figures are reported as dependencies, not replaced or fabricated."
  }
}
