========================================================================
跟踪隔离最优控制：假设 G1--G4 的完整验证
========================================================================

========================================================================
第 1 部分  符号验证 (sympy)
========================================================================
  [PASS] 1.1  Sigma = pc - c s i[(1-p)V_s + p V_i]
  [PASS] 1.2  dSigma/dt 与 q 无关
  [PASS] 1.3  lambda_s = p*Theta/s,  lambda_i = p*Theta/(s-h)
  [PASS] 1.4  异常极值排除 (det = (s-r)/p != 0)
  [PASS] 1.5  奇异轨迹 i = g(s) = (s-h)(s-r)/s
  [PASS] 1.6a q_sing = p[(s-h)(s+r)+s(s-r)] / [(2p-1)s^2+r^2]
  [PASS] 1.6b q_sing - 1 = (s-h)(s+r) / [(2p-1)s^2+r^2]
  [PASS] 1.7a 自然段:  P̄·s̄' - P = ((s-r)ℓ/s)[1/φ(s̄) - 1/φ(s)]
  [PASS] 1.7b 容量段:  P̄·s̄' - P = (ℓ/s)[ℓs̄/((s̄-h)(s̄-r)²) + Θ - s/((s-h)(s-r))]
  [PASS] 1.8  松弛量分子 = (s-h)(s-r) - Ks = s[g(s) - K]
  [PASS] 1.9  (ln φ)' = 1/(x-h) + 2/(x-r) - 1/x
  [PASS] 1.10 容量等待弧上 Sigma ≡ 0 (恒等式)
  [PASS] 1.11 d/ds[i(s)(s-r)]|_{q=0} = i - g(s)

========================================================================
第 2 部分  定理 G4：不存在正长度奇异弧
========================================================================
  [PASS] 2.1  s>h 上 N > 0 恒成立   min N = 2.2500e-02
  [PASS] 2.2  q_sing 从不落入 [0,1]   样本 678000, 违例 0
  [PASS] 2.3  基准参数下 q_sing 全部 > 1   q_sing = 1.204, 3.444, 8.778, 16.111, 29.000

========================================================================
第 3 部分  定理 G3：横截性与至多一个切换点
========================================================================
  [PASS] 3.1  D 的零点数处处为 1   样本 984, 违例 0
  [PASS] 3.2  D' 闭式 T(P̄s̄'-P) = 数值导数   最大相对差 4.73e-09
  [PASS] 3.3  D'(s*) > 0 处处成立   min D' = 0.1192
  [PASS] 3.4  引理 A: i_w(s*) < g(s*)
  [PASS] 3.5  引理 B: ā > g(s̄)
  [PASS] 3.6  φ(s̄) < φ(s*)  (φ 严格递增, s̄ < s*)
  [PASS] 3.7  s̄ < s* 恒成立
        样本 984 个：容量边界段 622，自然轨道段 362

========================================================================
第 4 部分  定理 G1：可达域 D = { i > ℓ·ln(s/s_max) }
========================================================================
  [PASS] 4.1  闭式判据 = 实际端点存在性   样本 280160, 不符 0
  [PASS] 4.2  rho' = (r-s)/s < 0 : 等待轨迹恰穿越 ∂D 一次
  [PASS] 4.3  R(s) 沿等待轨迹严格递减 => D∩W 是单个区间
  [PASS] 4.4  R(h+) = K - ℓ·ln(h/s_max) > 0  (因 h < s_max)
        基准: s_max = 0.7073030022,  自然轨道可达上界 s_D = 0.9421286676

========================================================================
第 5 部分  修正：容量等待弧上 Sigma ≡ 0，但唯一性仍成立
========================================================================
  [PASS] 5.1  边界上 Sigma = 0 (机器精度)   max|Sigma| = 1.68e-12
  [PASS] 5.2  边界下方 Sigma > 0 严格   样本 192, min Sigma = 7.280e-04
  [PASS] 5.3  K < g(s_B) 且 g 在 (s_B,·) 上递增

========================================================================
第 6 部分  报告基准数值复现 (p=0.5, c=2, gamma=0.3, K=0.15)
========================================================================
        i_pk   = 0.3418232595   报告 0.3418232595   差 4.17e-11
        s_1    = 0.7775221610   报告 0.7775221610   差 3.86e-11
        s_B    = 0.5476951247   报告 0.5476951355   差 1.08e-08
        s_R    = 0.4516637862   报告 0.4516637907   差 4.45e-09
        i_R    = 0.1210828916   报告 0.1210828901   差 1.45e-09
        T_B    = 1.5203109781   报告 1.5203108877   差 9.04e-08
        T_q1   = 0.7138664297   报告 0.7138664706   差 4.09e-08
        J*     = 1.5295111602   报告 1.5295111602   差 4.85e-11
  [PASS] 6.1  全部关键量与报告一致 (<1e-7)   最大偏差 9.04e-08
  [PASS] 6.2  相对 filling-the-box 节省 ≈ 3.0965%   3.0964770%

========================================================================
总计 32/32 项通过
========================================================================
